[    0.00000] itliing cro sbss puset[  000000]Iniazig groupsuyspu
[    .00000]Intiaizng cgupsuyscpuat   0.00] nu version.4-1-geneic (bil@l01-am4-9)gcc verio5.0 0160609Ubtu.4.0-ubnt1~6.4.) ) #6-butuSMP Thu Jun 14 08:53:28 UTC 218 (Ubuntu 4.4.0-130.156-generic 4.4.134)
[    0.000000] Command line: BOOT_IMAGE=/boot/vmlinuz-4.4.0-130-generic root=LABEL=cloudimg-rootfs ro console=tty1 console=ttyS0
[    0.000000] KERNEL supported cpus:
[    0.000000]   Intel GenuineIntel
[    .000000]   AMD AuthenticAMD
[    0.0000]   Centaur CentaurHauls
[    0.000000] x86/fpu: xstate_offset[2]: 576, xstate_sizes[2]:  256
[    0.00000] x86/fpu: Supporting XSAVE feature 0x01: 'x87 floating point registers'
[    0.000000] x86/fpu: Supporting XSAVE feature 0x02: 'SSE registers'
[    0.000000] x86/fpu: Supporting XSAVE feature 0x04: 'AVX registers'
[    0.000000] x86/fpu: Enabled xstate features 0x7, context size is 832 bytes, using 'standard' format.
[    0.000000] x86/fpu: Using 'eager' FPU context switches.
[    0.000000] e820: BIOS-provided physical RAM map:
[    0.000000] BIOS-e820: [mem 0x0000000000000000-0x000000000009fbff] usable
[    0.000000] BIOS-e820: [m 0x000000000009fc00-0x000000000009ffff] reserved
[    0.000000] BIOS-e820: [mem 0x00000000000f0000-0x00000000000fffff] reserved
[    0.000000] BIOS-e820: [mem 0x0000000000100000-0x00000000dffeffff] usable
[    0.000000] BIOS-e820: [mem 0x00000000dfff0000-0x00000000dfffffff] ACPI data
[    0.000000] BIOS-e820: [mem 0x00000000fec00000-0x00000000fec00fff] reserved
[    0.000000] BIOS-e820: [mem 0x00000000fee00000-0x00000000fee00fff] reserved
[    0.000000] BIOS-e820: [mem 0x00000000fffc0000-0x00000000ffffffff] reserved
[    0.000000] BIOS-e820: [mem 0x0000000100000000-0x000000041fffffff] usable
[    0.000000] NX (Execute Disable) protection: active
[    0.000000] SMBIOS 2.5 present.
[    0.000000] Hypervisor detected: KVM
[    0.000000] Kernel/User page tables isolation: disabled
[    0.000000] e820: last_pfn = 0x420000 max_arch_pfn = 0x400000000
[    0.000000] MTRR: Disabled
[    0.000000] x86/PAT: MTRRs disabled, skipping PAT initialization too.
[    0.000000] CPU MTRRs all blank - virtualized system.
[    0.000000] x86/PAT: Configuration [0-7]: WB  WT  UC- UC  WB  WT  UC- UC  
[    0.000000] e820: last_pfn = 0xdfff0 max_arch_pfn = 0x400000000
[    0.000000] found SMP MP-table at [mem 0x0009fff0-0x0009ffff] mapped at [ffff88000009fff0]
[    0.000000] Scanning 1 areas for low memory corruption
[    0.000000] RAMDISK: [mem 0x36aa4000-0x37549fff]
[    0.000000] ACPI: Early table checksum verification disabled
[    0.000000] ACPI: RSDP 0x00000000000E0000 000024 (v02 VBOX  )
[    0.000000] ACPI: XSDT 0x00000000DFFF0030 00003C (v01 VBOX   VBOXXSDT 00000001 ASL  00000061)
[    0.000000] ACPI: FACP 0x00000000DFFF00F0 0000F4 (v04 VBOX   VBOXFACP 00000001 ASL  00000061)
[    0.000000] ACPI: DSDT 0x00000000DFFF04A0 0021FF (v02 VBOX   VBOXBIOS 00000002 INTL 20180105)
[    0.000000] ACPI: FACS 0x00000000DFFF0200 000040
[    0.000000] ACPI: FACS 0x00000000DFFF0200 000040
[    0.000000] ACPI: APIC 0x00000000DFFF0240 00008C (v02 VBOX   VBOXAPIC 00000001 ASL  00000061)
[    0.000000] ACPI: SSDT 0x00000000DFFF02D0 0001CC (v01 VBOX   VBOXCPUT 00000002 INTL 20180105)
[    0.000000] No NUMA configuration found
[    0.000000] Faking a node at [mem 0x0000000000000000-0x000000041fffffff]
[    0.000000] NODE_DATA(0) allocated [mem 0x41ffed000-0x41fff1fff]
[    0.000000] kvm-clock: Using msrs 4b564d01 and 4b564d00
[    0.000000] kvm-clock: cpu 0, msr 4:1ffe5001, primary cpu clock
[    0.000000] kvm-clock: using sched offset of 2846901090 cycles
[    0.000000] clocksource: kvm-clock: mask: 0xffffffffffffffff max_cycles: 0x1cd42e4dffb, max_idle_ns: 881590591483 ns
[    0.000000] Zone ranges:
[    0.000000]   DMA      [mem 0x0000000000001000-0x0000000000ffffff]
[    0.000000]   DMA32    [mem0x0000000000--0x00000000ffffffff]
[    0.00000]   Normal   [mem 000000100000000-0x000000041fffffff]
[    0.000000]   Device   empty
[    0.000000] Movable zone start for each node
[    0.000000] Early memory node ranges
[    0.000000]   node   0: [mem 0x0000000000001000-0x000000000009efff]
[    0.000000]   node   0: [mem 0x0000000000100000-0x00000000dffeffff]
[    0.000000]   node   0: [mem 0x0000000100000000-0x000000041fffffff]
[    0.000000] Initmem setup node 0[mm x000000000010-0000004fffffff]
[    0.000] ACPI: PM-Timer IO Port: 0x4008
[    0.000000] IOAPIC[0]: apic_id 8, version 32, address 0xfec00000, GSI 0-23
[    0.000000] ACPI: INT_SRC_OVR (bus 0 bus_irq 0 global_irq 2 dfl dfl)
[    0.000000] ACPI: INT_SRC_OVR (bus 0 bus_irq 9 global_irq 9 low level)
[    0.000000] Using ACPI (MADT) for SMP configuration information
[    0.000000] smpboot: Allowing 8 CPUs, 0 hotplug CPUs
[    0.000000] PM: Reistered nosave memory: [mem 0x00000000-0x00000fff]
[    0.000000] PM: Registered nosave memory: [mem 0x0009f000-0x0009ffff]
[    0.000000] PM: Registered nosave memory: [mem 0x000a0000-0x000efff][   .00000] PM: Reisre nosave memory: [mem 0x000f0000-0x000fffff]
[    0.000000] PM: Registered nosave memory: [mem 0xdfff0000-xdfffffff]
[    0.000000] PM: Registered nosave memory: [mem 0xe0000000-0xfebfffff]
[    0.000000] PM: Registered nosave memory: [mem 0xfc00000-0xfec00fff]
[    0.000000] PM: Registered nosave memory: [mem 0xfec01000-0xfedfffff]
[    0.000000] PM: Registered nosave memory: [mem 0xfee00000-0xfee00fff]
[    0.000000] PM: Registered nosave memory: [mem 0xfee01000-0xfffbffff]
[    0.000000] PM: Registered nosave memory: [mem 0xfffc0000-0xffffffff]
[    0.000000] e820: [mem 0xe0000000-0xfebfffff] available for PCI devices
[    0.000000] Booting paravirtualized kernel on KVM
[    0.000000] clocksource: refined-jiffies: mask: 0xffffffff max_cycles: 0xffffffff, max_idle_ns: 764551001168ns
[   0.000000] setup_percpu: NR_CPUS:512 nr_cpumask_bits:512 nr_cpu_ids:8 nr_node_ids:1
[    0.000000] PERCPU: Embedded 34 pages/cpu @ffff88041fc00000 s99544 r8192 d31528 u262144
[    0.000000] PV qspinlock hash table entries: 256 (order: 0, 4096 bytes)
[    0.000000] Built 1 zonelists in Node order, mobility grouping on.  Total pages: 4128632
[    0.000000] Policy zone: Normal
[    0.000000] Kernel command line: BOOT_IMAGE=/boot/vmlinuz-4.4.0-130-generic root=LABEL=cloudimg-rootfs ro console=tty1 console=ttyS0
[    0.000000] PID hash table entries: 4096 (order: 3, 32768 bytes)
[    0.000000] Memory: 16417572K/16776760K available (8546K kernel code, 1313Krwdata, 4000K rodata, 1516K init, 1316K bss, 359188K reserve, K cma-resrved)
[    0.000000] SLUB: HWalign=64, Order=0-3, MinObjects=0, CPUs=8, Nodes=1
[    0.000000] Hierarchical RCU implementation.
[    0.000000] 	Build-time adjustment of leaf fanout to 64.
[    0.000000] 	RCU restricting CPUs from NR_CPUS=512 to nr_cpu_ids=8.
[    0.000000] RCU: Adjusting geometry for rcu_fanout_leaf=64, nr_cpu_ids=8
[    0.000000] NR_IRQS:33024 nr_irqs:488 16
[    0.000000] Console: olurVGA+ 80x25
[    0.000000] console [tty1] enabled
[    0.000000] console [ttyS0] enabled
[   0000000] tsc: Detected 3799.996 MHz processor
[    0.000000] tsc: Marking TSC unstable due to TSCs unsynchronized
[    0.012000] Calibrating delay loop (skipped) preset value.. 7599.99 BogoMIPS (lpj=15199984)
[    0.012000] pid_max: default: 32768 minimum: 301
[    0.012017] ACPI: Core revision 20150930
[    0.016690] ACPI: 2 ACPI AML tables successfully acquired and loaded
[    0.024198] Security Framework initialized
[    0.025145] Yama: becoming mindful.
[    0.026042] AppArmor: AppArmor initialized
[    0.028881] Dentry cache hash table entries: 2097152 (order: 12, 16777216 bytes)
[    0.040856] Inode-cache hash table entries: 1048576 (order: 11, 8388608 bytes)
[    0.048947] Mount-cache hash table entries: 32768 (order: 6, 262144 bytes)
[    0.052036] Mountpoint-cache hash table entries: 32768 (order: 6, 262144 bytes)
[    0.056215] Initializing cgroup subsys io
[    0.060014] Initializing cgroup subsys memory
[    0.061877] Initializing cgroup subsys devices
[    0.064013] Initializing cgroup subsys freezer
[    0.065554] Initializing cgroup subsys net_cls
[    0.066651] Initializing cgroup subsys perf_event
[    0.068008] Initializing cgroup subsys net_prio
[    0.069295] Initializing cgroup subsys hugetlb
[    0.072010] Initializing cgroup subsys pids
[    0.073158] CPU: Physical Processor ID: 0
[    0.074145] CPU: Processor Core ID: 0
[    0.081669] mce: CPU supports 0 MCE banks
[    0.082637] Last level iTLB entries: 4KB 1024, 2MB 1024, 4MB 512
[    0.083940] Last level dTLB entries: 4KB 1536, 2MB 1536, 4MB 768, 1GB 0
[    0.084007] Spectre V2 : LFENCE not serializing. Switching to generic retpoline
[    0.086278] Spectre V2 : Mitigation: Full generic retpoline
[    0.088006] Spectre V2 : Speculation control IBPB not-supported IBRS not-supported
[    0.092005] Spectre V2 : Filling RSB on context switch
[    0.093403] Speculative Store Bypass: Mitigation: Speculative Store Bypass disabled via prctl and seccomp
[    0.098504] Freeing SMP alternatives memory: 32K
[    0.106774] ftrace: allocating 32245 entries in 126 pages
[    0.128094] smpboot: APIC(0) Converting physical 0 to logical package 0
[    0.132004] smpboot: Max logical packages: 1
[    0.136200] x2apic enabled
[    0.140005] Switched APIC routing to physical x2apic.
[    0.144258] ..TIMER: vector=0x30 apic1=0 pin1=2 apic2=-1 pin2=-1
[    0.152000] smpboot: CPU0: AMD Ryzen Threadripper 1900X 8-Core Processor (family: 0x17, model: 0x1, stepping: 0x1)
[    0.156024] Performance Events: Broken PMU hardware detected, using software events only.
[    0.158598] Failed to access perfctr msr (MSR c0010007 is 0)
[    0.160047] KVM setup paravirtual spinlock
[    0.162409] x86: Booting SMP configuration:
[    0.164004] .... node  #0, CPUs:      #1
[    0.012000] kvm-clock: cpu 1, msr 4:1ffe5041, secondary cpu clock
[    0.012000] mce: CPU supports 0 MCE banks
[    0.174210]  #2
[    0.012000] kvm-clock: cpu 2, msr 4:1ffe5081, secondary cpu clock
[    0.012000] mce: CPU supports 0 MCE banks
[    0.191328]  #3
[    0.012000] kvm-clock: cpu 3, msr 4:1ffe50c1, secondary cpu clock
[    0.012000] mce: CPU supports 0 MCE banks
[    0.226269]  #4
[    0.012000] kvm-clock: cpu 4, msr 4:1ffe5101, secondary cpu clock
[    0.012000] mce: CPU supports 0 MCE banks
[    0.240801]  #5
[    0.012000] kvm-clock: cpu 5, msr 4:1ffe5141, secondary cpu clock
[    0.012000] mce: CPU supports 0 MCE banks
[    0.275826]  #6
[    0.012000] kvm-clock: cpu 6, msr 4:1ffe5181, secondary cpu clock
[    0.012000] mce: CPU supports 0 MCE banks
[    0.378361]  #7
[    0.012000] kvm-clock: cpu 7, msr 4:1ffe51c1, secondary cpu clock
[    0.012000] mce: CPU supports 0 MCE banks
[    0.393577] x86: Booted up 1 node, 8 CPUs
[    0.396010] smpboot: Total of 8 processors activated (60799.93 BogoMIPS)
[    0.404259] devtmpfs: initialized
[    0.412608] evm: security.selinux
[    0.416007] evm: security.SMACK64
[    0.420004] evm: security.SMACK64EXEC
[    0.421486] evm: security.SMACK64TRANSMUTE
[    0.423117] evm: security.SMACK64MMAP
[    0.424004] evm: security.ima
[    0.425235] evm: security.capability
[    0.428187] clocksource: jiffies: mask: 0xffffffff max_cycles: 0xffffffff, max_idle_ns: 7645041785100000 ns
[    0.432041] futex hash table entries: 2048 (order: 5, 131072 bytes)
[    0.434697] pinctrl core: initialized pinctrl subsystem
[    0.436181] RTC time: 19:18:22, date: 08/02/18
[    0.440435] NET: Registered protocol family 16
[    0.456002] cpuidle: using governor ladder
[    0.468006] cpuidle: using governor menu
[    0.469606] PCCT header not found.
[    0.471494] ACPI: bus type PCI registered
[    0.472006] acpiphp: ACPI Hot Plug PCI Controller Driver version: 0.5
[    0.474482] PCI: Using configuration type 1 for base access
[    0.488005] PCI: Using configuration type 1 for extended access
[    0.500214] ACPI: Added _OSI(Module Device)
[    0.524003] ACPI: Added _OSI(Processor Device)
[    0.556011] ACPI: Added _OSI(3.0 _SCP Extensions)
[    0.568009] ACPI: Added _OSI(Processor Aggregator Device)
[    0.588583] ACPI: Executed 1 blocks of module-level executable AML code
[    0.599611] ACPI: Interpreter enabled
[    0.616040] ACPI: (supports S0 S5)
[    0.636007] ACPI: Using IOAPIC for interrupt routing
[    0.680177] PCI: Using host bridge windows from ACPI; if necessary, use "pci=nocrs" and report a bug
[    0.706019] ACPI: PCI Root Bridge [PCI0] (domain 0000 [bus 00-ff])
[    0.732024] acpi PNP0A03:00: _OSC: OS supports [ExtendedConfig ASPM ClockPM Segments MSI]
[    0.740079] acpi PNP0A03:00: _OSC: OS now controls [PCIeHotplug PME AER PCIeCapability]
[    0.784394] PCI host bridge to bus 0000:00
[    0.787047] pci_bus 0000:00: root bus resource [io  0x0000-0x0cf7 window]
[    0.800015] pci_bus 0000:00: root bus resource [io  0x0d00-0xffff window]
[    0.808012] pci_bus 0000:00: root bus resource [mem 0x000a0000-0x000bffff window]
[    0.848012] pci_bus 0000:00: root bus resource [mem 0xe0000000-0xfdffffff window]
[    0.860011] pci_bus 0000:00: root bus resource [bus 00-ff]
[    0.861565] pci 0000:00:01.1: legacy IDE quirk: reg 0x10: [io  0x01f0-0x01f7]
[    0.868003] pci 0000:00:01.1: legacy IDE quirk: reg 0x14: [io  0x03f6]
[    0.870449] pci 0000:00:01.1: legacy IDE quirk: reg 0x18: [io  0x0170-0x0177]
[    0.904014] pci 0000:00:01.1: legacy IDE quirk: reg 0x1c: [io  0x0376]
[    0.948000] pci 0000:00:07.0: quirk: [io  0x4000-0x403f] claimed by PIIX4 ACPI
[    0.956018] pci 0000:00:07.0: quirk: [io  0x4100-0x410f] claimed by PIIX4 SMB
[    1.045503] ACPI: PCI Interrupt Link [LNKA] (IRQs 5 9 10 *11)
[    1.061538] ACPI: PCI Interrupt Link [LNKB] (IRQs 5 9 *10 11)
[    1.064775] ACPI: PCI Interrupt Link [LNKC] (IRQs 5 *9 10 11)
[    1.068774] ACPI: PCI Interrupt Link [LNKD] (IRQs 5 9 10 *11)
[    1.072813] ACPI: Enabled 2 GPEs in block 00 to 07
[    1.080172] vgaarb: setting as boot device: PCI:0000:00:02.0
[    1.081511] vgaarb: device added: PCI:0000:00:02.0,decodes=io+mem,owns=io+mem,locks=none
[    1.092007] vgaarb: loaded
[    1.092843] vgaarb: bridge control possible 0000:00:02.0
[    1.096306] SCSI subsystem initialized
[    1.096306] ACPI: bus type USB registered
[    1.100042] usbcore: registered new interface driver usbfs
[    1.101721] usbcore: registered new interface driver hub
[    1.108113] usbcore: registered new device driver usb
[    1.112135] PCI: Using ACPI for IRQ routing
[    1.116341] NetLabel: Initializing
[    1.116341] NetLabel:  domain hash size = 128
[    1.117359] NetLabel:  protocols = UNLABELED CIPSOv4
[    1.132022] NetLabel:  unlabeled traffic allowed by default
[    1.136058] amd_nb: Cannot enumerate AMD northbridges
[    1.140071] clocksource: Switched to clocksource kvm-clock
[    1.190] pAor ApAmoFisyemnale
[  1817]npPnAC it    1857]npPnAC: un3 vis  2.73] ocoue:cppm mk:xfffma_ccl: xffffff,maid_n 25702ns[  32038NE Risreproc fil2  3.58] P taished hash table etrs:312 rd: , 104576 btes)
    42474TCP bind hah bl eri: 53(oer8,0476yt)  4.851939] TCP: Hash tables configured (established 131072 bind 65536)
[    4.933696] UDP hash table entries: 8192 (order: 6, 262144 bytes)
[   .95127] UDP-Lie hash table entries: 8192 (order: 6, 262144 bytes)
[    5.021611] NET: Registered protocol family
   50248] ci000:0:0.0: Limiting direct PCI/PI rasfrs
[    50248] pi 00000010:Activating ISA DMA hang workarounds
[    5.025486] Unpacking initramfs...

[  68303] eengintr mmoy:1004K
[    7.1251]PC-DA:Usngsotwrebonc bfering orO SWOTB)
[   .5507] ofare IO TLB [mem 0xdbff0000-0xdff000](6MBmapedat[fff80dbf000-ffff8800dffefff
   8162]lafo rtc_mo: registered plafo R dvice (noPNdeceou)
[    8.617529] clocksource: tsc: mask: 0xffffffffffffffff max_cycles: 0x6d8ca817dab, max_idle_ns: 881590735735 ns
[    8.617702] Scanning for low memory corruption every 60 seconds
[    8.618518] audit: initializing netlink subsys (disabled)
[    8.618544] audit: type=2000 audit(1533237513.589:1): initialized
[    8.618928] Initialise system trusted keyring
[    8.619966] HugeTLB registered 2 MB page size, pre-allocated 0 pages
[    8.621765] zbud: loaded
[    8.622528] VFS: Disk quotas dquot_6.6.0
[    8.622574] VFS: Dquot-cache hash table entries: 512 (order 0, 4096 bytes)
[    8.622917] squashfs: version 4.0 (2009/01/31) Phillip Lougher
[    8.623858] fuse init (API version 7.23)
[    8.624728] Key type big_key registered
[    8.624761] Allocating IMA MOK and blacklist keyrings.
[    8.626908] Key type asymmetric registered
[    8.626916] Asymmetric key parser 'x509' registered
[    8.627023] Block layer SCSI generic (bsg) driver version 0.4 loaded (major 249)
[    8.627201] io scheduler noop registered
[    8.627204] io scheduler deadline registered (default)
[    8.627258] io scheduler cfq registered
[    8.627406] pci_hotplug: PCI Hot Plug PCI Core version: 0.5
[    8.627413] pciehp: PCI Express Hot Plug Controller Driver version: 0.4
[    8.627602] ACPI: AC Adapter [AC] (on-line)
[    8.627679] input: Power Button as /devices/LNXSYSTM:00/LNXPWRBN:00/input/input0
[    8.627683] ACPI: Power Button [PWRF]
[    8.627788] input: Sleep Button as /devices/LNXSYSTM:00/LNXSLPBN:00/input/input1
[    8.627790] ACPI: Sleep Button [SLPF]
[    8.628349] GHES: HEST is not enabled!
[    8.628534] Serial: 8250/16550 driver, 32 ports, IRQ sharing enabled
[    8.671038] 00:02: ttyS0 at I/O 0x3f8 (irq = 4, base_baud = 115200) is a 16550A
[    8.676473] Linux agpgart interface v0.103
[    8.679357] loop: module loaded
[    8.679949] scsi host0: ata_piix
[    8.680188] scsi host1: ata_piix
[    8.680231] ata1: PATA max UDMA/33 cmd 0x1f0 ctl 0x3f6 bmdma 0xd000 irq 14
[    8.680232] ata2: PATA max UDMA/33 cmd 0x170 ctl 0x376 bmdma 0xd008 irq 15
[    8.680328] libphy: Fixed MDIO Bus: probed
[    8.680330] tun: Universal TUN/TAP device driver, 1.6
[    8.680331] tun: (C) 1999-2004 Max Krasnyansky <maxk@qualcomm.com>
[    8.680416] PPP generic driver version 2.4.2
[    8.680509] ehci_hcd: USB 2.0 'Enhanced' Host Controller (EHCI) Driver
[    8.680514] ehci-pci: EHCI PCI platform driver
[    8.680524] ehci-platform: EHCI generic platform driver
[    8.680529] ohci_hcd: USB 1.1 'Open' Host Controller (OHCI) Driver
[    8.680531] ohci-pci: OHCI PCI platform driver
[    8.680536] ohci-platform: OHCI generic platform driver
[    8.680542] uhci_hcd: USB Universal Host Controller Interface driver
[    8.680588] i8042: PNP: PS/2 Controller [PNP0303:PS2K,PNP0f03:PS2M] at 0x60,0x64 irq 1,12
[    8.717723] serio: i8042 KBD port at 0x60,0x64 irq 1
[    8.717735] serio: i8042 AUX port at 0x60,0x64 irq 12
[    8.718002] mousedev: PS/2 mouse device common for all mice
[    8.718727] rtc_cmos rtc_cmos: rtc core: registered rtc_cmos as rtc0
[    8.718806] rtc_cmos rtc_cmos: alarms up to one day, 114 bytes nvram
[    8.718818] i2c /dev entries driver
[    8.718904] device-mapper: uevent: version 1.0.3
[    8.719061] device-mapper: ioctl: 4.34.0-ioctl (2015-10-28) initialised: dm-devel@redhat.com
[    8.719094] ledtrig-cpu: registered to indicate activity on CPUs
[    8.719831] NET: Registered protocol family 10
[    8.720348] NET: Registered protocol family 17
[    8.720392] Key type dns_resolver registered
[    8.721091] registered taskstats version 1
[    8.721115] Loading compiled-in X.509 certificates
[    8.722047] Loaded X.509 cert 'Build time autogenerated kernel key: b3e0fe4bcd6378c38a2c0a4648abbc1fa5043a22'
[    8.722080] zswap: loaded using pool lzo/zbud
[    8.725458] Key type trusted registered
[    8.729928] Key type encrypted registered
[    8.729933] AppArmor: AppArmor sha1 policy hashing enabled
[    8.729936] ima: No TPM chip found, activating TPM-bypass!
[    8.729941] ima: Allocated hash algorithm: sha1
[    8.729957] evm: HMAC attrs: 0x1
[    8.730253]   Magic number: 14:448:343
[    8.730275] tty tty60: hash matches
[    8.732124] rtc_cmos rtc_cmos: setting system clock to 2018-08-02 19:18:30 UTC (1533237510)
[    8.752007] BIOS EDD facility v0.16 2004-Jun-25, 0 devices found
[    8.752007] EDD information not available.
[    8.848469] input: AT Translated Set 2 keyboard as /devices/platform/i8042/serio0/input/input2
[   10.184581] Freeing unused kernel memory: 1516K
[   10.204103] Write protecting the kernel read-only data: 14336k
[   10.214538] Freeing unused kernel memory: 1680K
[   10.216559] Freeing unused kernel memory: 96K
Loading, please wait...
starting version[   10.233704] random: systemd-udevd: uninitialized urandom read (16 bytes read, 7 bits of entropy available)
 229
[   10.234695] random: udevadm: uninitialized urandom read (16 bytes read, 7 bits of entropy available)
[   10.234732] random: udevadm: uninitialized urandom read (16 bytes read, 7 bits of entropy available)
[   10.248633] random: udevadm: uninitialized urandom read (16 bytes read, 7 bits of entropy available)
[   10.248676] random: udevadm: uninitialized urandom read (16 bytes read, 7 bits of entropy available)
[   10.249050] random: udevadm: uninitialized urandom read (16 bytes read, 7 bits of entropy available)
[   10.249094] random: udevadm: uninitialized urandom read (16 bytes read, 7 bits of entropy available)
[   10.249136] random: udevadm: uninitialized urandom read (16 bytes read, 7 bits of entropy available)
[   10.249179] random: udevadm: uninitialized urandom read (16 bytes read, 7 bits of entropy available)
[   10.249218] random: udevadm: uninitialized urandom read (16 bytes read, 7 bits of entropy available)
[   10.320287] e1000: Intel(R) PRO/1000 Network Driver - version 7.3.21-k8-NAPI
[   10.325383] e1000: Copyright (c) 1999-2006 Intel Corporation.
[   10.327454] Fusion MPT base driver 3.04.20
[   10.345693] Copyright (c) 1999-2008 LSI Corporation
[   10.357092] AVX2 version of gcm_enc/dec engaged.
[   10.385005] AES CTR mode by8 optimization enabled
[   10.430584] Fusion MPT SPI Host driver 3.04.20
[   10.556629] input: ImExPS/2 Generic Explorer Mouse as /devices/platform/i8042/serio1/input/input4
[   10.655596] e1000 0000:00:03.0 eth0: (PCI:33MHz:32-bit) 02:2e:d6:ba:66:f8
[   10.680211] e1000 0000:00:03.0 eth0: Intel(R) PRO/1000 Network Connection
[   11.104686] e1000 0000:00:08.0 eth1: (PCI:33MHz:32-bit) 08:00:27:c2:92:19
[   11.748343] e1000 0000:00:08.0 eth1: Intel(R) PRO/1000 Network Connection
[   12.138865] mptbase: ioc0: Initiating bringup
[   12.139326] e1000 0000:00:08.0 enp0s8: renamed from eth1
[   12.173929] e1000 0000:00:03.0 enp0s3: renamed from eth0
[   12.228232] ioc0: LSI53C1030 A0: Capabilities={Initiator}
[   14.717476] scsi host2: ioc0: LSI53C1030 A0, FwRev=00000000h, Ports=1, MaxQ=256, IRQ=20
[   15.314159] scsi 2:0:0:0: Direct-Access     VBOX     HARDDISK         1.0  PQ: 0 ANSI: 5
[   15.328668] scsi target2:0:0: Beginning Domain Validation
[   15.341595] scsi target2:0:0: Domain Validation skipping write tests
[   15.343909] scsi target2:0:0: Ending Domain Validation
[   15.718290] scsi target2:0:0: asynchronous
[   16.296329] scsi 2:0:1:0: Direct-Access     VBOX     HARDDISK         1.0  PQ: 0 ANSI: 5
[   16.342162] scsi target2:0:1: Beginning Domain Validation
[   16.355273] scsi target2:0:1: Domain Validation skipping write tests
[   16.564565] scsi target2:0:1: Ending Domain Validation
[   16.835343] scsi target2:0:1: asynchronous
[   17.080956] sd 2:0:0:0: Attached scsi generic sg0 type 0
[   17.081043] sd 2:0:0:0: [sda] 20971520 512-byte logical blocks: (10.7 GB/10.0 GiB)
[   17.081155] sd 2:0:0:0: [sda] Write Protect is off
[   17.081224] sd 2:0:0:0: [sda] Incomplete mode parameter data
[   17.081226] sd 2:0:0:0: [sda] Assuming drive cache: write through
[   17.081863]  sda: sda1
[   17.082332] sd 2:0:0:0: [sda] Attached SCSI disk
[   17.119460] sd 2:0:1:0: Attached scsi generic sg1 type 0
[   17.119547] sd 2:0:1:0: [sdb] 20480 512-byte logical blocks: (10.5 MB/10.0 MiB)
[   17.119709] sd 2:0:1:0: [sdb] Write Protect is off
[   17.119819] sd 2:0:1:0: [sdb] Incomplete mode parameter data
[   17.119822] sd 2:0:1:0: [sdb] Assuming drive cache: write through
[   17.121188] sd 2:0:1:0: [sdb] Attached SCSI disk
Begin: Loading e[   18.399736] md: linear personality registered for level -1
ssential drivers ... [   18.461117] md: multipath personality registered for level -4
[   18.543227] md: raid0 personality registered for level 0
[   18.549355] md: raid1 personality registered for level 1
[   18.624117] raid6: sse2x1   gen()  8022 MB/s
[   18.752088] raid6: sse2x1   xor()  7813 MB/s
[   18.872032] raid6: sse2x2   gen() 16391 MB/s
[   18.976076] raid6: sse2x2   xor() 11253 MB/s
[   19.092085] raid6: sse2x4   gen() 18156 MB/s
[   19.212062] raid6: sse2x4   xor()  9445 MB/s
[   19.320026] raid6: avx2x1   gen() 17624 MB/s
[   19.428085] raid6: avx2x2   gen() 25273 MB/s
[   19.540062] raid6: avx2x4   gen() 25283 MB/s
[   19.594715] raid6: using algorithm avx2x4 gen() 25283 MB/s
[   19.635735] raid6: using avx2x2 recovery algorithm
[   19.639746] xor: automatically using best checksumming function:
[   19.680027]    avx       : 12411.000 MB/sec
[   19.690283] async_tx: api initialized (async)
[   19.698638] md: raid6 personality registered for level 6
[   19.699940] md: raid5 personality registered for level 5
[   19.701516] md: raid4 personality registered for level 4
[   19.715758] md: raid10 personality registered for level 10
done.
Begin: Running /scripts/init-premount ... done.
Begin: Mounting root file system ... Begin: Running /scripts/local-top ... done.
Begin: Running /scripts/local-premount ... [   19.747118] Btrfs loaded
Scanning for Btrfs filesystems
done.
Warning: fsck not present, so skipping root file system
[   19.773362] EXT4-fs (sda1): mounted filesystem with ordered data mode. Opts: (null)
done.
Begin: Running /scripts/local-bottom ... done.
Begin: Running /scripts/init-bottom ... done.
[   19.847715] systemd[1]: systemd 229 running in system mode. (+PAM +AUDIT +SELINUX +IMA +APPARMOR +SMACK +SYSVINIT +UTMP +LIBCRYPTSETUP +GCRYPT +GNUTLS +ACL +XZ -LZ4 +SECCOMP +BLKID +ELFUTILS +KMOD -IDN)
[   19.852748] systemd[1]: Detected virtualization oracle.
[   19.854008] systemd[1]: Detected architecture x86-64.

Welcome to [1mUbuntu 16.04.4 LTS[0m!

[   19.857875] systemd[1]: Set hostname to <ubuntu>.
[   19.861158] systemd[1]: Initializing chne ID from random generator.
[   19.865122] systemd[1]: Installed transient /etc/machine-id file.

[   20.022248] systemd[1]: Listening on LVM2 metadata daemon socket.
[[0;32m  OK  [0m] Listening on LVM2 metadata daemon socket.
[   20.152625] systemd[1]: Set up automount Arbitrary Executable File Formats File System Automount Point.
[[0;32m  OK  [0m] Set up automount Arbitrary Executab...ats File System Automount Point.
[   20.156049] systemd[1]: Listening on /dev/initctl Compatibility Named Pipe.
[[0;32m  OK  [0m] Listening on /dev/initctl Compatibility Named Pipe.
[   20.156049] systemd[1]: Listening on udev Control Socket.
[[0;32m  OK  [0m] Listening on udev Control Socket.
[   20.172768] systemd[1]: Reached target Swap.
[[0;32m  OK  [0m] Reached target Swap.
[   20.174998] systemd[1]: Created slice System Slice.
[[0;32m  OK  [0m] Created slice System Slice.
[   20.177878] systemd[1]: Listening on Journal Socket (/dev/log).
[[0;32m  OK  [0m] Listening on Journal Socket (/dev/log).
[   20.180438] systemd[1]: Listening on Journal Audit Socket.
[[0;32m  OK  [0m] Listening on Journal Audit Socket.
[   20.188457] systemd[1]: Listening on Device-mapper event daemon FIFOs.
[[0;32m  OK  [0m] Listening on Device-mapper event daemon FIFOs.
[   20.192023] systemd[1]: Listening on LVM2 poll daemon socket.
[[0;32m  OK  [0m] Listening on LVM2 poll daemon socket.
[   20.195259] systemd[1]: Reached target Encrypted Volumes.
[[0;32m  OK  [0m] Reached target Encrypted Volumes.
[   20.202155] systemd[1]: Listening on udev Kernel Socket.
[[0;32m  OK  [0m] Listening on udev Kernel Socket.
[   20.204629] systemd[1]: Started Trigger resolvconf update for networkd DNS.
[[0;32m  OK  [0m] Started Trigger resolvconf update for networkd DNS.
[   20.205531] systemd[1]: Listening on Journal Socket.
[[0;32m  OK  [0m] Listening on Journal Socket.
[   20.228582] systemd[1]: Starting Uncomplicated firewall...
         Starting Uncomplicated firewall...
[   20.236929] systemd[1]: Starting Monitoring of LVM2 mirrors, snapshots etc. using dmeventd or progress polling...
         Starting Monitoring of LVM2 mirrors... dmeventd or progress polling...
[   20.244432] systemd[1]: Starting Remount Root and Kernel File Systems...
         Startin[   20.249005] EXT4-fs (sda1): re-mounted. Opts: (null)
g Remount Root and Kernel File Systems...
[   20.276741] systemd[1]: Starting Set console keymap...
         Starting Set console keymap...
[   20.280821] systemd[1]: Mounting POSIX Message Queue File System...
         Mounting POSIX Message Queue File System...
[   20.286011] systemd[1]: Created slice User and Session Slice.
[[0;32m  OK  [0m] Created slice User and Session Slice.
[   20.289104] systemd[1]: Reached target Slices.
[[0;32m  OK  [0m] Reached target Slices.
[   20.292622] systemd[1]: Created slice system-serial\x2dgetty.slice.
[[0;32m  OK  [0m] Created slice system-serial\x2dgetty.slice.
[   20.301286] systemd[1]: Mounting Huge Pages File System...
         Mounting Huge Pages File System...
[   20.305927] systemd[1]: Reached target System Time Synchronized.
[[0;32m  OK  [0m] Reached target System Time Synchronized.
[   20.325152] systemd[1]: Starting Nameserver information manager...
         Starting Nameserver information manager...
[   20.348730] systemd[1]: Starting Create list of required static device nodes for the current kernel...
[   20.384820] random: nonblocking pool is initialized
         Starting Create list of required st... nodes for the current kernel...
[   20.401344] systemd[1]: Starting Load Kernel Modules...
         Starting Load Kernel Modules...
[   20.405191] systemd[1]: Mounting Debug File System...
         Mounting Debug F[   20.416862] Loading iSCSI transport class v2.0-870.
ile System...
[   20.436295] systemd[1]: Reached target User and Group Name Lookups.
[   20.442022] iscsi: registered transport (tcp)
[[0;32m  OK  [0m] Reached target User and Group Name Lookups.
[   20.778307] systemd[1]: Started Forward Password Requests to Wall Directory Watch.
[[0;32m  OK  [[   20.788988] iscsi: registered transport (iser)
0m] Started Forward Password Requests to Wall Directory Watch.
[   21.1000]syted[: Listning on yslogSocket. [[0;32m  OK  [0m] Listening on Syslog Socket.
[   21.673814] systemd[1]: Starting Journal Service...
         Starting Journal Service...
[   21.690358] systemd[1]: Mounted POSIX Message Queue File System.
[[0;32m  OK  [0m] Mounted POSIX Message Queue File System.
[   21.760364] systemd[1]: Mounted Huge Pages File System.
[[0;32m  OK  [0m] Mounted Huge Pages File System.
[   21.763537] systemd[1]: Mounted Debug File System.
[[0;32m  OK  [0m] Mounted Debug File System.
[   21.774360] systemd[1]: Started Journal Service.
[[0;32m  OK  [0m] Started Journal Service.
[[0;32m  OK  [0m] Started Uncomplicated firewall.
[[0;32m  OK  [0m] Started Remount Root and Kernel File Systems.
[[0;32m  OK  [0m] Started Set console keymap.
[[0;32m  OK  [0m] Started Create list of required sta...ce nodes for the current kernel.
[[0;32m  OK  [0m] Started Load Kernel Modules.
[[0;32m  OK  [0m] Started Nameserver information manager.
[[0;32m  OK  [0m] Started LVM2 metadata daemon.
         Mounting FUSE Control File System...
         Starting Apply Kernel Variables...
         Starting Create Static Device Nodes in /dev...
         Starting Load/Save Random Seed...
         Starting udev Coldplug all Devices...
         Starting Flush Journal to Persistent Storage...
[[0;32m  OK  [0m] Mounted FUSE Control File System.
[[0;32m  OK  [0m] Started Apply Kernel Variables.
[[0;32m  OK  [0m] Started Create Static Device Nodes in /dev.
[[0;32m  OK  [0m] Started Load/Save Random Seed.
[[0;32m  OK  [0m] Started Flush Journal to Persistent Storage.
[[0;32m  OK  [0m] Started udev Coldplug all Devices.
         Starting udev Kernel Device Manager...
[[0;32m  OK  [0m] Started udev Kernel Device Manager.
[[0;32m  OK  [0m] Started Dispatch Password Requests to Console Directory Watch.
[[0;32m  OK  [0m] Found device /dev/ttyS0.
[[0;32m  OK  [0m] Listening on Load/Save RF Kill Switch Status /dev/rfkill Watch.
[[0;32m  OK  [0m] Started Monitoring of LVM2 mirrors,...ng dmeventd or progress polling.
[[0;32m  OK  [0m] Reached target Local File Systems (Pre).
[[0;32m  OK  [0m] Reached target Local File Systems.
         Starting Commit a transient machine-id on disk...
         Starting Create Volatile Files and Directories...
         Starting Initial cloud-init job (pre-networking)...
         Starting Tell Plymouth To Write Out Runtime Data...
         Starting LSB: AppArmor initialization...
         Starting Set console font and keymap...
[[0;32m  OK  [0m] Started Create Volatile Files and Directories.
[[0;32m  OK  [0m] Started Tell Plymouth To Write Out Runtime Data.
         Starting Update UTMP about System Boot/Shutdown...
[[0;32m  OK  [0m] Started Update UTMP about System Boot/Shutdown.
[[0;32m  OK  [0m] Started Commit a transient machine-id on disk.
[[0;32m  OK  [0m] Started LSB: AppArmor initialization.
[[0;32m  OK  [0m] Started Set console font and keymap.
[[0;32m  OK  [0m] Created slice system-getty.slice.
[   23.177909] cloud-init[711]: Cloud-init v. 18.2 running 'init-local' at Thu, 02 Aug 2018 19:18:44 +0000. Up 22.99 seconds.
[[0;32m  OK  [0m] Started Initial cloud-init job (pre-networking).
[[0;32m  OK  [0m] Reached target Network (Pre).
         Starting Raise network interfaces...
[[0;32m  OK  [0m] Started Raise network interfaces.
[[0;32m  OK  [0m] Reached target Network.
         Starting Initial cloud-init job (metadata service crawler)...
[   24.110356] cloud-init[1038]: Cloud-init v. 18.2 running 'init' at Thu, 02 Aug 2018 19:18:45 +0000. Up 23.67 seconds.
[[0;32m  OK  [0m] Started Initial cloud-init job (metadata service crawler).
[   24.384320] cloud-init[1038]: ci-info: ++++++++++++++++++++++++++++++++++++++Net device info++++++++++++++++++++++++++++++++++++++
[   24.395794] cloud-init[1038]: ci-info: +--------+-------+----------------------------+---------------+-------+-------------------+
[   24.398430] cloud-init[1038]: ci-info: | Device |   Up  |          Address           |      Mask     | Scope |     Hw-Address    |
[   24.401023] cloud-init[1038]: ci-info: +--------+-------+----------------------------+---------------+-------+-------------------+
[   24.406546] cloud-init[[0;32m  OK  [0m] Reached target System Initialization.
[[0;32m  OK  [0m] Listening on D-Bus System Message Bus Socket.
[1038]: ci-info: | enp0s3 |  True |         10.0.2.15          | 255.255.255.0 |   .   | 02:2e:d6:ba:66:f8 |
[[0;32m  OK  [0m] Started ACPI Events Check.
[[0;32m  OK  [0m] Reached target Paths.
[[0;32m  OK  [0m] Listening on ACPID Listen Socket.
[[0;32m  OK  [0m] Listening on UUID daemon activation socket.
[   24.414682] cloud-init[1038]: ci-info: | enp0s3 |  True | fe80::2e:d6ff:feba:66f8/64 |       .       |  link | 02:2e:d6:ba:66:f8 |
[   24.437174]          Starting LXD - unix socket.
[[0;32m  OK  [0m] Started Daily Cleanup of Temporary Directories.
[[0;32m  OK  [0m] Started Daily apt download activities.
[[0;32m  OK  [0m] Started Daily apt upgrade and clean activities.
[[0;32m  OK  [0m] Reached target Timers.
         Starting Socket activation for snappy daemon.
[[0;32m  OK  [0m] Reached target Cloud-config availability.
[[0;32m  OK  [0m] Reached target Network is Online.
cloud-init[1038]: ci-info: | enp0s8 | False |             .              |       .       |   .   | 08:00:27:c2:92:19 |
[   24.730981] cloud-init[1038]: ci-info: |   lo   |  True |         127.0.0.1          |   255.0.0.0   |   .   |         .         |
[   24.741991]          Starting iSCSI initiator daemon (iscsid)...
cloud-init[1038]: ci-info: |   lo   |  True |          ::1/128           |       .       |  host |         .         |
[   24.750898] [cloud-init[0;32m  OK  [0m[1038]: ] ci-info: +--------+-------+----------------------------+---------------+-------+-------------------+Listening on LXD - unix socket.

[[   24.751401] cloud-init[1038]: ci-info: +++++++++++++++++++++++++++Route IPv4 info++++++++++++++++++++++++++++
[0;32m  OK  [0m] Listening on Socket activation for snappy daemon.
[   24.778457] cloud-init[1038]: ci-info: +-------+-------------+----------+---------------+-----------+-------+
[   24.808260] [cloud-init[0;32m  OK  [0m[1038]: ] ci-info: | Route | Destination | Gateway  |    Genmask    | Interface | Flags |Started iSCSI initiator daemon (iscsid).

[   24.808620] cloud-init[1038]: ci-info: +-------+-------------+----------+---------------+-----------+-------+
[   24.817495] cloud-init[1038]: ci-info: |   0   |   0.0.0.0   | 10.0.2.2 |    0.0.0.0    |   enp0s3  |   UG  |
[   24.820031] cloud-init[1038]: ci-info: |   1   |   10.0.2.0  | 0.0.0.0  | 255.255.255.0 |   enp0s3  |   U   |
[   24.928147] cloud-init[1038]: ci-info: +-------+-------------+----------+---------------+-----------+-------+
[   24.930900] cloud-init[1038]: Generating public/private rsa key pair.
[   24.932875] cloud-init[1038]: Your identification has been saved in /etc/ssh/ssh_host_rsa_key.
[   24.947147]          cloud-initStarting Login to default iSCSI targets...[1038]: 
Your public key has been saved in /etc/ssh/ssh_host_rsa_key.pub.
[[0;32m  OK  [0m] Reached target Sockets.
[[0;32m  OK  [0m] Reached target Basic System.
[   24.947603] cloud-init[1038]: The key fingerprint is:
[   25.400260] cloud-init[1038]: SHA256:4f7XEi1xn6shGlXF+1fd5dWgpDU2EQ1kByYZJEWWwSQ root@ubuntu-xenial
[   25.400435] cloud-init[1038]: The key's randomart image is:
[   25.401167] cloud-init[1038]: +---[RSA 2048]----+
[   25.401823] cloud-init[1038]: |        E*X*#*+o.|
[   25.404002] cloud-init[1038]: |         ++O =o.+|
[   25.404526] cloud-init[1038]: |        . . .. .*|
[   25.405326] cloud-init[1038]: |       . .  o ..=|
         Starting Pollinate to seed the pseudo random number generator...
[   25.405699] cloud-init[1038]: |        S  . + .+|
[   25.416546] cloud-init[1038]: |       .  . o ..+|
[   25.417423] cloud-init[1038]: |        .. . =  o|
[   25.418273] cloud-init[1038]: |         .o + o. |
[   25.419150] cloud-init[1038]: |         ... o.  |
[   25.420071] cloud-init[1038]: +----[SHA256]-----+
[   25.428479] cloud-init[1038]: Generating public/private dsa key pair.
[   25.430033] cloud-init[1038]: Your identification has been saved in /etc/ssh/ssh_host_dsa_key.
         Starting System Logging Service...
[   25.461689] cloud-init[1038]: Your public key has been saved in /etc/ssh/ssh_host_dsa_key.pub.[
[0;32m  OK  [0m] Started Regular background program processing daemon.
[   25.474791]          cloud-initStarting LXD - container startup/shutdown...[1038]: The key fingerprint is:

[   25.482446] cloud-init[1038]: SHA256:eIIIxj+slHWb5LuKwS+oWrXyQbUX1Xv6aGtNncPJb6c root@ubuntu-xenial
         Starting Virtualbox guest utils...
[   25.482782] cloud-init[1038]: The key's randomart image is:
[   25.489363] cloud-init[1038]: +---[DSA 1024]----+
[   25.489649] cloud-init[1038]: |          ..     |
[[0;32m  OK  [0m] Started Unattended Upgrades Shutdown.
[   25.490490] cloud-init[1038]: |.        .  .    |
[   25.504329] [cloud-init[0;32m  OK  [0m[1038]: ] |.o . o. .    .   |Started D-Bus System Message Bus.

[   25.504733] cloud-init[1038]: |..=.+ooo .  . .  |
[[   25.516800] [0;32m  OK  [0mcloud-init] [1038]: Started FUSE filesystem for LXC.| o.++++ S    oo.o|

[   25.556316] [cloud-init[0;32m  OK  [0m[1038]: ] |o .o...+    . .*.|Started ACPI event daemon.

[   25.556872] cloud-init[1038]: |.+o o.       =  o|
[   25.752438]          cloud-initStarting Accounts Service...[1038]: 
|.o+o ..     + o +|
[   25.849070]          cloud-initStarting LSB: Record successful boot for GRUB...[1038]: 
|=..oo.     o..Eo.|
[   25.875426]          cloud-initStarting Apply the settings specified in cloud-config...[1038]: 
+----[SHA256]-----+
[   25.881559] [cloud-init[0;32m  OK  [0m[1038]: ] Generating public/private ecdsa key pair.Started Deferred execution scheduler.

[   25.881822] cloud-init[1038]: Your identification has been saved in /etc/ssh/ssh_host_ecdsa_key.
[   25.912478] cloud-init[1038]: Your public key has been saved in /etc/ssh/ssh_host_ecdsa_key.pub.
[   25.914852] cloud-init[1038]: The key fingerprint is:
[   25.916410] cloud-init[1038]: SHA256:xRoHniQcwuh3iimXzPe0K2XBOklJZujkg1773e+xopQ root@ubuntu-xenial
[   25.923540] cloud-init[1038]: The key's randomart image is:
[   25.925179] cloud-init[1038]: +---[ECDSA 256]---+
[   25.926513] cloud-init[1038]: |   +..o.o        |
[   25.927989] cloud-init[1038]: |  + =..+ +       |
[   25.929520] cloud-init[1038]: | * + o  + +      |
[   25.930993] cloud-init[1038]: |. =.+ +  =       |
[   25.932558] cloud-init[1038]: |.o.B.= .S        |
[   25.936021] cloud-init[1038]: |..B.* + .        |
[   25.937158] cloud-init[1038]: | o ..*.E.  .     |
[   25.938189] cloud-init[1038]: |    ..+. o  o    |
[   25.939293] cloud-init[1038]: |     ..o. ++     |
[   25.940426]          cloud-initStarting Snappy daemon...[1038]: 
+----[SHA256]-----+
[   25.942129]          cloud-initStarting Login Service...[1038]: 
Generating public/private ed25519 key pair.
[   25.943946]          cloud-initStarting /etc/rc.local Compatibility...[1038]: 
Your identification has been saved in /etc/ssh/ssh_host_ed25519_key.
[   25.952621]          cloud-initStarting LSB: MD monitoring daemon...
[1038]: Your public key has been saved in /etc/ssh/ssh_host_ed25519_key.pub.
[   25.958588] cloud-init[[1038]: [0;32m  OK  [0mThe key fingerprint is:] 
Started System Logging Service.
[   25.958717] cloud-init[1038]: SHA256:DsrGTW5eM+81jc56xgkjEp0oHp8vV5QmA7Mjcttk+t4 root@ubuntu-xenial
[   25.961862] [cloud-init[0;32m  OK  [0m[1038]: ] The key's randomart image is:Started LXD - container startup/shutdown.

[   25.962004] cloud-init[1038]: +--[ED25519 256]--+
[   25.964673] [cloud-init[0;32m  OK  [0m[1038]: ] |                 |Started /etc/rc.local Compatibility.

[   25.964824] cloud-init[1038]: |      o          |
[   25.968173] cloud-init[1038]: |       * . .     |
[   25.975405] cloud-init[1038]: |  . = B = +      |
[   25.980070] cloud-init[1038]: |   + @o+S=       |
[   25.981005] cloud-init[1038]: |   o+==o. +  o   |
[[0;32m  OK  [0m] Started Login to default iSCSI targets.
[   26.015515] cloud-init[1038]: |    =.+o=o ++..  |
[   26.028287] [cloud-init[0;32m  OK  [0m[1038]: ] |   . oooo+ +=.   |Started Pollinate to seed the pseudo random number generator.

[   26.028812] cloud-init[1038]: |     .ooE.++o    |
[   26.059498] cloud-init[1038]: +----[SHA256]-----+
[[0;32m  OK  [0m] Started Snappy daemon.
[[0;32m  OK  [0m] Started LSB: Record successful boot for GRUB.
[[0;32m  OK  [0m] Started Virtualbox guest utils.
[[0;32m  OK  [0m] Started LSB: MD monitoring daemon.
         Starting Authenticate and Authorize Users to Run Privileged Tasks...
         Starting Wait until snapd is fully seeded...
         Starting OpenBSD Secure Shell server...
[[0;32m  OK  [0m] Reached target Remote File Systems (Pre).
[[0;32m  OK  [0m] Reached target Remote File Systems.
         Starting Permit User Sessions...
         Starting LSB: Set the CPU Frequency Scaling governor to "ondemand"...
         Starting LSB: automatic crash report generation...
         Starting LSB: daemon to balance interrupts for SMP systems...
[[0;32m  OK  [0m] Started OpenBSD Secure Shell server.
[[0;32m  OK  [0m] Started Permit User Sessions.
[[0;32m  OK  [0m] Started Login Service.
[[0;32m  OK  [0m] Started Authenticate and Authorize Users to Run Privileged Tasks.
[[0;32m  OK  [0m] Started Accounts Service.
         Starting Terminate Plymouth Boot Screen...
         Starting Hold until boot process finishes up...
[[0;32m  OK  [0m] Started LSB: Set the CPU Frequency Scaling governor to "ondemand".
[[0;32m  OK  [0m] Started LSB: automatic crash report generation.
[[0;32m  OK  [0m] Started LSB: daemon to balance interrupts for SMP systems.
[[0;32m  OK  [0m] Started Terminate Plymouth Boot Screen.
[   26.282853] cloud-init[1204]: Generating locales (this might take a while)...
[[0;32m  OK  [0m] Started Hold until boot process finishes up.
[[0;32m  OK  [0m] Started Serial Getty on ttyS0.
[[0;32m  OK  [0m] Started Getty on tty1.
[[0;32m  OK  [0m] Reached target Login Prompts.
         Starting Set console scheme...
[[0;32m  OK  [0m] Started Set console scheme.
[[0;32m  OK  [0m] Created slice User Slice of vagrant.
         Starting User Manager for UID 1000...
[[0;32m  OK  [0m] Started Session 1 of user vagrant.
[[0;32m  OK  [0m] Started User Manager for UID 1000.
[   26.921168] cloud-init[1204]:   en_US.UTF-8... done
[   26.922382] cloud-init[1204]: Generation complete.
[   27.161533] cloud-init[1204]: Cloud-init v. 18.2 running 'modules:config' at Thu, 02 Aug 2018 19:18:47 +0000. Up 26.12 seconds.
[[0;32m  OK  [0m] Started Apply the settings specified in cloud-config.
[[0;32m  OK  [0m] Started Wait until snapd is fully seeded.
[[0;32m  OK  [0m] Reached target Multi-User System.
         Starting Execute cloud user/final scripts...
[[0;32m  OK  [0m] Reached target Graphical Interface.
         Starting Update UTMP about System Runlevel Changes...
[[0;32m  OK  [0m] Started Update UTMP about System Runlevel Changes.
ci-info: no authorized ssh keys fingerprints found for user ubuntu.
<14>Aug  2 19:18:49 ec2: 
<14>Aug  2 19:18:49 ec2: #############################################################
<14>Aug  2 19:18:49 ec2: -----BEGIN SSH HOST KEY FINGERPRINTS-----
<14>Aug  2 19:18:49 ec2: 1024 SHA256:eIIIxj+slHWb5LuKwS+oWrXyQbUX1Xv6aGtNncPJb6c root@ubuntu-xenial (DSA)
<14>Aug  2 19:18:49 ec2: 256 SHA256:xRoHniQcwuh3iimXzPe0K2XBOklJZujkg1773e+xopQ root@ubuntu-xenial (ECDSA)
<14>Aug  2 19:18:49 ec2: 256 SHA256:DsrGTW5eM+81jc56xgkjEp0oHp8vV5QmA7Mjcttk+t4 root@ubuntu-xenial (ED25519)
<14>Aug  2 19:18:49 ec2: 2048 SHA256:4f7XEi1xn6shGlXF+1fd5dWgpDU2EQ1kByYZJEWWwSQ root@ubuntu-xenial (RSA)
<14>Aug  2 19:18:49 ec2: -----END SSH HOST KEY FINGERPRINTS-----
<14>Aug  2 19:18:49 ec2: #############################################################
-----BEGIN SSH HOST KEY KEYS-----
ecdsa-sha2-nistp256 AAAAE2VjZHNhLXNoYTItbmlzdHAyNTYAAAAIbmlzdHAyNTYAAABBBPm6sYElHZbJ2ugJAP9TIWgB2M+o/EdVoeNgUOAJrDlbD4CWgcp2EWXgEk331B39P6gVlxEyP5rb7/41fCKltS0= root@ubuntu-xenial
ssh-ed25519 AAAAC3NzaC1lZDI1NTE5AAAAIC2XxyoNf2T7C5A6FuwKwTdRgxbRXKrspwS0jPnr0RCB root@ubuntu-xenial
ssh-rsa AAAAB3NzaC1yc2EAAAADAQABAAABAQCz90PZYMe+EYI+sQW00XXoB3skw8YfYllTP1i62gS6jPLZWWC+nOrU3MIxCt6gJMOmM3VIy0jdRnQYVwD30TGnixcG/V4dsY5km+0Q7jENmiBe4HYuKgzUtGVceiZ9lEu3odceGOCV5Hlq1Wj4+OxcFlyuzk5cV1uoCOi6cZgXJoFdlWhkQMb0m+DzpCY/B1jGN1qrh2Y16H2b2qZqhlvnQau7Dm6xd9+VxV3kVgRxNwhE7VGacppdUgZseyvGLlO4nXxYZmFwI5n6x+loWO1jbakRQHAdOdV3f8OoNgIYFwAQK5uLJE8+c7OSBk53gCu2SZl9PWWtkVqYdoy4JAIT root@ubuntu-xenial
-----END SSH HOST KEY KEYS-----
[   28.356521] cloud-init[1490]: Cloud-init v. 18.2 running 'modules:final' at Thu, 02 Aug 2018 19:18:49 +0000. Up 27.98 seconds.
[   28.365682] cloud-init[1490]: ci-info: no authorized ssh keys fingerprints found for user ubuntu.
[   28.392538] cloud-init[1490]: Cloud-init v. 18.2 finished at Thu, 02 Aug 2018 19:18:50 +0000. Datasource DataSourceNoCloud [seed=/dev/sdb][dsmode=net].  Up 28.34 seconds
[[0;32m  OK  [0m] Started Execute cloud user/final scripts.
[[0;32m  OK  [0m] Reached target Cloud-init target.

Ubuntu 16.04.4 LTS ubuntu-xenial ttyS0

ubuntu-xenial login: [  152.407494] e1000 0000:00:03.0 enp0s3: Detected Tx Unit Hang
[  152.407494]   Tx Queue             <0>
[  152.407494]   TDH                  <52>
[  152.407494]   TDT                  <54>
[  152.407494]   next_to_use          <54>
[  152.407494]   next_to_clean        <52>
[  152.407494] buffer_info[next_to_clean]
[  152.407494]   time_stamp           <ffff6d94>
[  152.407494]   next_to_watch        <53>
[  152.407494]   jiffies              <ffff6fde>
[  152.407494]   next_to_watch.status <0>
[  154.408865] e1000 0000:00:03.0 enp0s3: Detected Tx Unit Hang
[  154.408865]   Tx Queue             <0>
[  154.408865]   TDH                  <52>
[  154.408865]   TDT                  <54>
[  154.408865]   next_to_use          <54>
[  154.408865]   next_to_clean        <52>
[  154.408865] buffer_info[next_to_clean]
[  154.408865]   time_stamp           <ffff6d94>
[  154.408865]   next_to_watch        <53>
[  154.408865]   jiffies              <ffff71d3>
[  154.408865]   next_to_watch.status <0>
[  156.412490] e1000 0000:00:03.0 enp0s3: Detected Tx Unit Hang
[  156.412490]   Tx Queue             <0>
[  156.412490]   TDH                  <52>
[  156.412490]   TDT                  <54>
[  156.412490]   next_to_use          <54>
[  156.412490]   next_to_clean        <52>
[  156.412490] buffer_info[next_to_clean]
[  156.412490]   time_stamp           <ffff6d94>
[  156.412490]   next_to_watch        <53>
[  156.412490]   jiffies              <ffff73c8>
[  156.412490]   next_to_watch.status <0>
[  158.416600] e1000 0000:00:03.0 enp0s3: Detected Tx Unit Hang
[  158.416600]   Tx Queue             <0>
[  158.416600]   TDH                  <52>
[  158.416600]   TDT                  <54>
[  158.416600]   next_to_use          <54>
[  158.416600]   next_to_clean        <52>
[  158.416600] buffer_info[next_to_clean]
[  158.416600]   time_stamp           <ffff6d94>
[  158.416600]   next_to_watch        <53>
[  158.416600]   jiffies              <ffff75bd>
[  158.416600]   next_to_watch.status <0>
[  158.812375] e1000 0000:00:03.0 enp0s3: Reset adapter
